#
# There is insufficient memory for the Java Runtime Environment to continue.
# Native memory allocation (malloc) failed to allocate 1048576 bytes for AllocateHeap
# Possible reasons:
#   The system is out of physical RAM or swap space
#   The process is running with CompressedOops enabled, and the Java Heap may be blocking the growth of the native heap
# Possible solutions:
#   Reduce memory load on the system
#   Increase physical memory or swap space
#   Check if swap backing store is full
#   Decrease Java heap size (-Xmx/-Xms)
#   Decrease number of Java threads
#   Decrease Java thread stack sizes (-Xss)
#   Set larger code cache with -XX:ReservedCodeCacheSize=
#   JVM is running with Zero Based Compressed Oops mode in which the Java heap is
#     placed in the first 32GB address space. The Java Heap base address is the
#     maximum limit for the native heap growth. Please use -XX:HeapBaseMinAddress
#     to set the Java Heap base and to place the Java Heap above 32GB virtual address.
# This output file may be truncated or incomplete.
#
#  Out of Memory Error (memory/allocation.inline.hpp:61), pid=1432, tid=0x0000000000006230
#
# JRE version:  (8.0_202-b08) (build )
# Java VM: Java HotSpot(TM) 64-Bit Server VM (25.202-b08 mixed mode windows-amd64 compressed oops)
# Core dump written. Default location: D:\IntellijWorkplace_Mouad\SIRH_Galenica\hs_err_pid1432.mdmp
#

---------------  T H R E A D  ---------------

Current thread (0x0000000003243800):  JavaThread "Unknown thread" [_thread_in_vm, id=25136, stack(0x0000000002ff0000,0x00000000030f0000)]

Stack: [0x0000000002ff0000,0x00000000030f0000]
[error occurred during error reporting (printing stack bounds), id 0xc0000005]

Native frames: (J=compiled Java code, j=interpreted, Vv=VM code, C=native code)


---------------  P R O C E S S  ---------------

Java Threads: ( => current thread )

Other Threads:

=>0x0000000003243800 (exited) JavaThread "Unknown thread" [_thread_in_vm, id=25136, stack(0x0000000002ff0000,0x00000000030f0000)]

VM state:not at safepoint (normal execution)

VM Mutex/Monitor currently owned by a thread: None

heap address: 0x00000004a0000000, size: 12800 MB, Compressed Oops mode: Zero based, Oop shift amount: 3
Narrow klass base: 0x0000000000000000, Narrow klass shift: 3
Compressed class space size: 1073741824 Address: 0x00000007c0000000

Heap:
 PSYoungGen      total 239104K, used 4106K [0x00000006b5580000, 0x00000006c6000000, 0x00000007c0000000)
  eden space 205312K, 2% used [0x00000006b5580000,0x00000006b5982900,0x00000006c1e00000)
  from space 33792K, 0% used [0x00000006c3f00000,0x00000006c3f00000,0x00000006c6000000)
  to   space 33792K, 0% used [0x00000006c1e00000,0x00000006c1e00000,0x00000006c3f00000)
 ParOldGen       total 546304K, used 0K [0x00000004a0000000, 0x00000004c1580000, 0x00000006b5580000)
  object space 546304K, 0% used [0x00000004a0000000,0x00000004a0000000,0x00000004c1580000)
 Metaspace       used 775K, capacity 4480K, committed 4480K, reserved 1056768K
  class space    used 76K, capacity 384K, committed 384K, reserved 1048576K

Card table byte_map: [0x0000000012700000,0x0000000014010000] byte_map_base: 0x0000000010200000

Marking Bits: (ParMarkBitMap*) 0x0000000071f65ce0
 Begin Bits: [0x00000000162c0000, 0x0000000022ac0000)
 End Bits:   [0x0000000022ac0000, 0x000000002f2c0000)

Polling page: 0x0000000000f80000

CodeCache: size=245760Kb used=328Kb max_used=328Kb free=245431Kb
 bounds [0x0000000003340000, 0x00000000035b0000, 0x0000000012340000]
 total_blobs=57 nmethods=0 adapters=38
 compilation: enabled

Compilation events (0 events):
No events

GC Heap History (0 events):
No events

Deoptimization events (0 events):
No events

Classes redefined (0 events):
No events

Internal exceptions (0 events):
No events

Events (10 events):
Event: 0.054 loading class java/lang/Short
Event: 0.054 loading class java/lang/Short done
Event: 0.054 loading class java/lang/Integer
Event: 0.054 loading class java/lang/Integer done
Event: 0.054 loading class java/lang/Long
Event: 0.054 loading class java/lang/Long done
Event: 0.055 loading class java/lang/NullPointerException
Event: 0.055 loading class java/lang/NullPointerException done
Event: 0.055 loading class java/lang/ArithmeticException
Event: 0.055 loading class java/lang/ArithmeticException done


Dynamic libraries:
0x00007ff7086d0000 - 0x00007ff708707000 	C:\Program Files\Java\jdk1.8.0_202\bin\java.exe
0x00007ff9c7a30000 - 0x00007ff9c7bff000 	C:\Windows\SYSTEM32\ntdll.dll
0x00007ff9c7040000 - 0x00007ff9c70ed000 	C:\Windows\System32\KERNEL32.DLL
0x00007ff9c4570000 - 0x00007ff9c478e000 	C:\Windows\System32\KERNELBASE.dll
0x00007ff9c74f0000 - 0x00007ff9c7597000 	C:\Windows\System32\ADVAPI32.dll
0x00007ff9c76c0000 - 0x00007ff9c775e000 	C:\Windows\System32\msvcrt.dll
0x00007ff9c72a0000 - 0x00007ff9c72fd000 	C:\Windows\System32\sechost.dll
0x00007ff9c75a0000 - 0x00007ff9c76bb000 	C:\Windows\System32\RPCRT4.dll
0x00007ff9c4080000 - 0x00007ff9c40ab000 	C:\Windows\System32\bcrypt.dll
0x00007ff9c6780000 - 0x00007ff9c68e6000 	C:\Windows\System32\USER32.dll
0x00007ff9c4060000 - 0x00007ff9c407e000 	C:\Windows\System32\win32u.dll
0x00007ff9c7160000 - 0x00007ff9c7194000 	C:\Windows\System32\GDI32.dll
0x00007ff9c3ed0000 - 0x00007ff9c4054000 	C:\Windows\System32\gdi32full.dll
0x00007ff9aa970000 - 0x00007ff9aabea000 	C:\Windows\WinSxS\amd64_microsoft.windows.common-controls_6595b64144ccf1df_6.0.14393.4169_none_7de0bbf28341b1f2\COMCTL32.dll
0x00007ff9c7760000 - 0x00007ff9c7a26000 	C:\Windows\System32\combase.dll
0x00007ff9c4790000 - 0x00007ff9c4884000 	C:\Windows\System32\ucrtbase.dll
0x00007ff9c43b0000 - 0x00007ff9c441c000 	C:\Windows\System32\bcryptPrimitives.dll
0x00007ff9c6b70000 - 0x00007ff9c6b9e000 	C:\Windows\System32\IMM32.DLL
0x0000000071ff0000 - 0x00000000720c2000 	C:\Program Files\Java\jdk1.8.0_202\jre\bin\msvcr100.dll
0x0000000071740000 - 0x0000000071fe5000 	C:\Program Files\Java\jdk1.8.0_202\jre\bin\server\jvm.dll
0x00007ff9c7300000 - 0x00007ff9c7308000 	C:\Windows\System32\PSAPI.DLL
0x00007ff9bb110000 - 0x00007ff9bb119000 	C:\Windows\SYSTEM32\WSOCK32.dll
0x00007ff9c16d0000 - 0x00007ff9c16f3000 	C:\Windows\SYSTEM32\WINMM.dll
0x00007ff9b9fd0000 - 0x00007ff9b9fda000 	C:\Windows\SYSTEM32\VERSION.dll
0x00007ff9c7480000 - 0x00007ff9c74ea000 	C:\Windows\System32\WS2_32.dll
0x00007ff9c15b0000 - 0x00007ff9c15db000 	C:\Windows\SYSTEM32\winmmbase.dll
0x00007ff9c40b0000 - 0x00007ff9c40f2000 	C:\Windows\System32\cfgmgr32.dll
0x00007ff9840c0000 - 0x00007ff9840cf000 	C:\Program Files\Java\jdk1.8.0_202\jre\bin\verify.dll
0x00007ff97d5a0000 - 0x00007ff97d5c9000 	C:\Program Files\Java\jdk1.8.0_202\jre\bin\java.dll
0x00007ff97d500000 - 0x00007ff97d523000 	C:\Program Files\Java\jdk1.8.0_202\jre\bin\instrument.dll
0x00007ff97d4e0000 - 0x00007ff97d4f6000 	C:\Program Files\Java\jdk1.8.0_202\jre\bin\zip.dll
0x00007ff9bfff0000 - 0x00007ff9c0182000 	C:\Windows\system32\DBGHELP.DLL
0x00007ff9bfb70000 - 0x00007ff9bfb99000 	C:\Windows\SYSTEM32\dbgcore.DLL

VM Arguments:
jvm_args: -Dmaven.multiModuleProjectDirectory=D:\IntellijWorkplace_Mouad\SIRH_Galenica -Dmaven.home=C:\Program Files\JetBrains\IntelliJ IDEA Community Edition 2021.3.2\plugins\maven\lib\maven3 -Dclassworlds.conf=C:\Program Files\JetBrains\IntelliJ IDEA Community Edition 2021.3.2\plugins\maven\lib\maven3\bin\m2.conf -Dmaven.ext.class.path=C:\Program Files\JetBrains\IntelliJ IDEA Community Edition 2021.3.2\plugins\maven\lib\maven-event-listener.jar -javaagent:C:\Program Files\JetBrains\IntelliJ IDEA Community Edition 2021.3.2\lib\idea_rt.jar=61718:C:\Program Files\JetBrains\IntelliJ IDEA Community Edition 2021.3.2\bin -Dfile.encoding=UTF-8 
java_command: org.codehaus.classworlds.Launcher -Didea.version=2021.3.3 package -P vdoc-configuration,deployer,packager
java_class_path (initial): C:\Program Files\JetBrains\IntelliJ IDEA Community Edition 2021.3.2\plugins\maven\lib\maven3\boot\plexus-classworlds-2.6.0.jar;C:\Program Files\JetBrains\IntelliJ IDEA Community Edition 2021.3.2\plugins\maven\lib\maven3\boot\plexus-classworlds.license;C:\Program Files\JetBrains\IntelliJ IDEA Community Edition 2021.3.2\lib\idea_rt.jar
Launcher Type: SUN_STANDARD

Environment Variables:
JAVA_HOME=C:\Program Files\Java\jdk1.8.0_202
PATH=C:\Program Files\Common Files\Oracle\Java\javapath;C:\Program Files\Python312\Scripts\;C:\Program Files\Python312\;C:\Program Files\Microsoft MPI\Bin\;C:\Program Files (x86)\Common Files\Oracle\Java\javapath;C:\Windows\system32;C:\Windows;C:\Windows\System32\Wbem;C:\Windows\System32\WindowsPowerShell\v1.0\;C:\Program Files (x86)\Microsoft SQL Server\110\Tools\Binn\;C:\Program Files\Microsoft SQL Server\110\Tools\Binn\;C:\Program Files\Microsoft SQL Server\110\DTS\Binn\;C:\Program Files (x86)\Microsoft SQL Server\110\Tools\Binn\ManagementStudio\;C:\Program Files (x86)\Microsoft SQL Server\110\DTS\Binn\;C:\Program Files\Microsoft SQL Server\Client SDK\ODBC\110\Tools\Binn\;C:\Program Files (x86)\Microsoft SQL Server\120\Tools\Binn\;C:\Program Files\Microsoft SQL Server\120\Tools\Binn\;C:\Program Files\Microsoft SQL Server\120\DTS\Binn\;C:\Program Files\WireGuard\;C:\Program Files\PuTTY\;C:\Program Files\apache-maven-3.8.4\bin;C:\Program Files (x86)\Microsoft SQL Server\130\Tools\Binn\;C:\Program Files\Microsoft SQL Server\130\Tools\Binn\;C:\Program Files (x86)\Microsoft SQL Server\130\DTS\Binn\;C:\Program Files\Microsoft SQL Server\130\DTS\Binn\;C:\Program Files\Microsoft SQL Server\Client SDK\ODBC\130\Tools\Binn\;C:\Program Files (x86)\Microsoft Visual Studio 10.0\Common7\IDE\PrivateAssemblies\;C:\Program Files (x86)\Microsoft SQL Server\150\Tools\Binn\;C:\Program Files\Microsoft SQL Server\150\Tools\Binn\;C:\Program Files\Microsoft SQL Server\Client SDK\ODBC\170\Tools\Binn\;C:\Program Files\Microsoft SQL Server\150\DTS\Binn\;C:\Program Files\Git\cmd;C:\Users\youssouk\AppData\Roaming\Python\Python312\site-packages\docx2pdf;C:\Users\youssouk\AppData\Roaming\Python\Python312\Scripts;C:\Users\youssouk\AppData\Local\Microsoft\WindowsApps;;C:\Users\youssouk\AppData\Local\Programs\Microsoft VS Code\bin;C:\Program Files\JetBrains\IntelliJ IDEA 2021.1.3\bin;
USERNAME=youssouk
OS=Windows_NT
PROCESSOR_IDENTIFIER=Intel64 Family 6 Model 45 Stepping 7, GenuineIntel



---------------  S Y S T E M  ---------------

OS: Windows 10.0 , 64 bit Build 14393 (10.0.14393.7254)

CPU:total 24 (initial active 24) (12 cores per cpu, 1 threads per core) family 6 model 45 stepping 7, cmov, cx8, fxsr, mmx, sse, sse2, sse3, ssse3, sse4.1, sse4.2, popcnt, avx, aes, clmul, tsc

Memory: 4k page, physical 52428268k(1335976k free), swap 79041540k(1055612k free)

vm_info: Java HotSpot(TM) 64-Bit Server VM (25.202-b08) for windows-amd64 JRE (1.8.0_202-b08), built on Dec 15 2018 19:54:30 by "java_re" with MS VC++ 10.0 (VS2010)

time: Mon Dec 09 12:52:43 2024
timezone: Maroc (heure d’été)
elapsed time: 9 seconds (0d 0h 0m 9s)

